// Jest Snapshot v1, https://goo.gl/fbAQLP

exports[`Pruebas en <NavBar /> Debe mostrarse correctamente 1`] = `
<nav
  className="navbar navbar-expand-sm navbar-dark bg-dark"
>
  <Link
    className="navbar-brand p-1"
    to="/home"
  >
    Home
  </Link>
  <div
    className="navbar-collapse"
  >
    <div
      className="navbar-nav"
    >
      <NavLink
        activeClassName="active"
        className="nav-item nav-link"
        exact={true}
        to="/vendors"
      >
        Vendors
      </NavLink>
    </div>
  </div>
</nav>
`;
